------------------------------------------------------------
Timing Analyzer Summary
------------------------------------------------------------

Type  : Slow 1200mV 85C Model Setup 'KEY[0]'
Slack : -7.937
TNS   : -11751.100

Type  : Slow 1200mV 85C Model Setup 'CLOCK_50'
Slack : -3.738
TNS   : -117.461

Type  : Slow 1200mV 85C Model Hold 'KEY[0]'
Slack : 0.574
TNS   : 0.000

Type  : Slow 1200mV 85C Model Hold 'CLOCK_50'
Slack : 1.065
TNS   : 0.000

Type  : Slow 1200mV 85C Model Minimum Pulse Width 'KEY[0]'
Slack : -3.000
TNS   : -3008.226

Type  : Slow 1200mV 85C Model Minimum Pulse Width 'CLOCK_50'
Slack : -3.000
TNS   : -64.732

Type  : Slow 1200mV 0C Model Setup 'KEY[0]'
Slack : -7.314
TNS   : -10687.933

Type  : Slow 1200mV 0C Model Setup 'CLOCK_50'
Slack : -3.409
TNS   : -105.893

Type  : Slow 1200mV 0C Model Hold 'KEY[0]'
Slack : 0.533
TNS   : 0.000

Type  : Slow 1200mV 0C Model Hold 'CLOCK_50'
Slack : 1.006
TNS   : 0.000

Type  : Slow 1200mV 0C Model Minimum Pulse Width 'KEY[0]'
Slack : -3.000
TNS   : -3008.226

Type  : Slow 1200mV 0C Model Minimum Pulse Width 'CLOCK_50'
Slack : -3.000
TNS   : -64.732

Type  : Fast 1200mV 0C Model Setup 'KEY[0]'
Slack : -3.105
TNS   : -4202.727

Type  : Fast 1200mV 0C Model Setup 'CLOCK_50'
Slack : -1.508
TNS   : -45.638

Type  : Fast 1200mV 0C Model Hold 'KEY[0]'
Slack : 0.208
TNS   : 0.000

Type  : Fast 1200mV 0C Model Hold 'CLOCK_50'
Slack : 0.842
TNS   : 0.000

Type  : Fast 1200mV 0C Model Minimum Pulse Width 'KEY[0]'
Slack : -3.000
TNS   : -2476.809

Type  : Fast 1200mV 0C Model Minimum Pulse Width 'CLOCK_50'
Slack : -3.000
TNS   : -48.929

------------------------------------------------------------
